subroutine.c:13:6:setProgram	32	static
subroutine.c:32:6:convertToStucture	168	static
subroutine.c:89:13:szukajID	24	static
subroutine.c:98:6:activeBrewing	8	static
subroutine.c:113:6:subroutine_Init	32	static
subroutine.c:126:6:pumping	16	static
subroutine.c:134:6:grzanieRegDwustawna	32	static
subroutine.c:162:6:grzanieRegPID	16	static
subroutine.c:165:10:przewinDo	16	static
subroutine.c:170:10:readTemperature	24	static
subroutine.c:207:10:conv	24	static
subroutine.c:217:10:convDouble	32	static
subroutine.c:227:6:push_front	32	static
subroutine.c:235:6:push_back	24	static
subroutine.c:251:6:show	64	static
subroutine.c:291:10:list_size	24	static
