subroutine.c:13:6:setProgram	112	static
subroutine.c:47:6:convertToStucture	72	static
subroutine.c:92:6:activeBrewing	8	static
subroutine.c:107:6:subroutine_Init	24	static
subroutine.c:119:6:pumping	16	static
subroutine.c:128:6:grzanieRegDwustawna	32	static
subroutine.c:155:6:grzanieRegPID	16	static
subroutine.c:158:10:przewinDo	16	static
subroutine.c:163:10:readTemperature	24	static
subroutine.c:208:10:conv	24	static
subroutine.c:218:10:convDouble	32	static
subroutine.c:228:7:textConversion	48	static
